const [SCRIPT_1] = cls["HighRes-Fix Script"]({
  "upscale_type": "latent",
  "hires_ckpt_name": "(use same)",
  "latent_upscaler": "nearest-exact",
  "pixel_upscaler": "4x_fatal_Anime_500000_G.pth",
  "upscale_by": 1.25,
  "use_same_seed": false,
  "seed": 914146367174090,
  "control_after_generate": null,
  "hires_steps": 12,
  "denoise": 0.56,
  "iterations": 1,
  "use_controlnet": false,
  "control_net_name": "t2i\\coadapter-canny-sd15v1.pth",
  "strength": 1,
  "preprocessor": "CannyEdgePreprocessor",
  "preprocessor_imgs": true
});
const [MODEL_1, CONDITIONING_1, CONDITIONING_2, LATENT_1, VAE_1, CLIP_1, DEPENDENCIES_1] = cls["Efficient Loader"]({
  "ckpt_name": "Realistic_Vision_V1.4.safetensors",
  "vae_name": "blessed2.vae.pt",
  "clip_skip": -2,
  "lora_name": "None",
  "lora_model_strength": 1,
  "lora_clip_strength": 1,
  "positive": "masterpiece, best quality, movie still, 1girl, floating in the sky, cloud girl, cloud, (close-up:1.1), bright, happy, fun, soft lighting, closeup",
  "negative": "embedding:EasyNegative.pt, embedding:bad-artist-anime.pt, lowres, low quality, worst quality, duplicate, morbid, mutilated, out of frame, extra fingers, mutated hands, poorly drawn hands, poorly drawn face, mutation, deformed, ugly, blurry, bad anatomy, bad proportions, extra limbs, cloned face, disfigured, out of frame, ugly, extra limbs, bad anatomy, gross proportions, malformed limbs, missing arms, missing legs, extra arms, extra legs, mutated hands, fused fingers, too many fingers, long neck, kid, teenage, badhandv4, EasyNegative, child, kid, teenage",
  "token_normalization": "length+mean",
  "weight_interpretation": "A1111",
  "empty_latent_width": 768,
  "empty_latent_height": 768,
  "batch_size": 1
});
const [MODEL_2, CONDITIONING_3, CONDITIONING_4, LATENT_2, VAE_2, IMAGE_1] = cls["KSampler (Efficient)"]({
  "seed": 1106939166727686,
  "control_after_generate": "randomize",
  "steps": 20,
  "cfg": 7.5,
  "sampler_name": "dpmpp_sde",
  "scheduler": "karras",
  "denoise": 1,
  "preview_method": "auto",
  "vae_decode": "true",
  "model": MODEL_1,
  "positive": CONDITIONING_1,
  "negative": CONDITIONING_2,
  "latent_image": LATENT_1,
  "optional_vae": VAE_1,
  "script": SCRIPT_1
});
